Testing `failing compact output'.
This run has ID `<uuid>'.

..F...

┌──────────────────────────────────────────────────────────────────────────────┐
│ [FAIL]        alpha          2   3.                                          │
└──────────────────────────────────────────────────────────────────────────────┘
[failure] Error

Logs saved to `<build-context>/_build/_tests/failing compact output/alpha.002.output'.
 ──────────────────────────────────────────────────────────────────────────────

Full test results in `<build-context>/_build/_tests/failing compact output'.
1 error! in <test-duration>s. 6 tests run.
