Testing `test/e2e/alcotest/failing/long_test_case_name.ml'.
This run has ID `<uuid>'.

  [PASS]    test-a › Passing
> [FAIL]    test-a › Lorem ipsum dolor sit amet, consectetur adipiscing elit....

┌────────────────────────────────────────────────────────────────────────────────────────────┐
│ [FAIL]    test-a › Lorem ipsum dolor sit amet, consectetur adipiscing elit. Suspendisse... │
└────────────────────────────────────────────────────────────────────────────────────────────┘
ASSERT Failed
FAIL Failed
<stacktrace>

Logs saved to `<build-context>/_build/_tests/<test-dir>/test-a/Lorem ipsum dolor sit ametU+002C consectetur adipiscing elit. Suspendisse mollisU+002C orci sed venenatis efficiturU+002C eros est imperdiet purusU+002C sit amet tincidunt massa diam ut elit..output'.
 ──────────────────────────────────────────────────────────────────────────────

Full test results in `<build-context>/_build/_tests/<test-dir>'.
1 failure! in <test-duration>s. 2 tests run.
