Testing assert-not-printed.
This run has ID `<uuid>`.
 ...                alpha          0   tc0.[OK]                alpha          0   tc0.
 ...                alpha          1   tc1.[OK]                alpha          1   tc1.
 ...                beta           0   tc0.[OK]                beta           0   tc0.
The full test results are available in `<build-context>/_build/_tests/<uuid>`.
Test Successful in <test-duration>s. 3 tests run.
