Testing `test/e2e/alcotest/passing/check_basic.ml'.
This run has ID `<uuid>'.

  [PASS]    reflexive basic › unit
  [PASS]    reflexive basic › bool
  [PASS]    reflexive basic › int
  [PASS]    reflexive basic › int32
  [PASS]    reflexive basic › int64
  [PASS]    reflexive basic › float
  [PASS]    reflexive basic › char
  [PASS]    reflexive basic › string
  [PASS]    reflexive basic › bytes
  [PASS]    reflexive composite › empty list
  [PASS]    reflexive composite › non-empty list
  [PASS]    reflexive composite › empty array
  [PASS]    reflexive composite › non-empty array
  [PASS]    reflexive composite › option some
  [PASS]    reflexive composite › option none
  [PASS]    reflexive composite › result ok
  [PASS]    reflexive composite › result error
  [PASS]    reflexive composite › pair
  [PASS]    reflexive composite › triple
  [PASS]    negation › checked exceptions
  [PASS]    negation › negated testables
  [PASS]    fuzzy equality › float thresholds
  [PASS]    fuzzy equality › sorted list
  [PASS]    labeled check › passing

Full test results in `<build-context>/_build/_tests/<test-dir>'.
Test Successful in <test-duration>s. 24 tests run.
