Testing `test/e2e/alcotest/passing/filter_name.ml'.
This run has ID `<uuid>'.

  [PASS]    test-a › First test case
  [PASS]    test-a › Second test case
  [SKIP]    test-b › Skipped failing test

Full test results in `<build-context>/_build/_tests/<test-dir>'.
Test Successful in <test-duration>s. 2 tests run.
