Testing `test/e2e/alcotest/passing/filter_range.ml'.
This run has ID `<uuid>'.

  [PASS]    main › test-0
  [PASS]    main › test-1
  [PASS]    main › test-2
  [PASS]    main › test-3
  [SKIP]    main › test-4
  [PASS]    main › test-5

Full test results in `<build-context>/_build/_tests/<test-dir>'.
Test Successful in <test-duration>s. 5 tests run.
