Testing `test/e2e/alcotest/passing/isatty.ml'.
This run has ID `<uuid>'.

  [ —— ]    test-a › First test case  [PASS]    test-a › First test case
  [ —— ]    test-a › Second test case  [PASS]    test-a › Second test case
  [ —— ]    test-b › Third test case  [PASS]    test-b › Third test case
  [ —— ]    test-c › Fourth test case  [PASS]    test-c › Fourth test case

Full test results in `<build-context>/_build/_tests/<test-dir>'.
Test Successful in <test-duration>s. 4 tests run.
