Testing `test/e2e/alcotest/passing/quick_only.ml'.
This run has ID `<uuid>'.

  [PASS]    test-a › Quick
  [SKIP]    test-a › Slow
  [SKIP]    test-b › Slow
  [PASS]    test-b › Quick

Full test results in `<build-context>/_build/_tests/<test-dir>'.
Test Successful in <test-duration>s. 2 tests run.
