Testing `test/e2e/alcotest/passing/quick_only_regex.ml'.
This run has ID `<uuid>'.

  [PASS]    test-a › Quick & passes filter
  [SKIP]    test-a › Slow & passes filter
  [SKIP]    test-b › Slow & fails filter
  [SKIP]    test-b › Quick & fails filter

Full test results in `<build-context>/_build/_tests/<test-dir>'.
Test Successful in <test-duration>s. 1 test run.
