Testing suite-name.
This run has ID `<uuid>`.
 ...                withU+002Fseparator          0   First test case.[OK]                withU+002Fseparator          0   First test case.
The full test results are available in `<build-context>/_build/_tests/<uuid>`.
Test Successful in <test-duration>s. 1 test run.
