Testing `Suite name containing file separators / and non-ASCII characters 🔥'.
This run has ID `<uuid>'.

  ...           🔥             0   Non ASCII unicode character.  [OK]          🔥             0   Non ASCII unicode character.
  ...           🔥a-b          0   Non ASCII and ASCII characters.  [OK]          🔥a-b          0   Non ASCII and ASCII characters.

Full test results in `<build-context>/_build/_tests/<test-dir>'.
Test Successful in <test-duration>s. 2 tests run.
