Testing `Suite name containing file separators / and non-ASCII characters 🔥'.
This run has ID `<uuid>'.

  [PASS]    🔥 › Non ASCII unicode character
  [PASS]    🔥a-b › Non ASCII and ASCII characters

Full test results in `<build-context>/_build/_tests/<test-dir>'.
Test Successful in <test-duration>s. 2 tests run.
