Testing `test/e2e/alcotest/passing/verbose_newlines.ml'.
This run has ID `<uuid>'.

Print inside alpha  [PASS]    alpha › 0 newlines
Print inside beta
  [PASS]    beta › 1 newline
Print inside gamma
Lorem ipsum dolor sit amet, consectetur adipiscing elit, nullam malesuada dictum tortor in venenatis.  [PASS]    gamma › 1 newline + long line
Print inside delta
ASSERT Lorem ipsum dolor sit amet, consectetur adipiscing elit, nullam malesuada dictum tortor in venenatis.
  [PASS]    delta › 1 newline + long check

Test Successful in <test-duration>s. 4 tests run.
