Testing [1mtest_color[0m.
This run has ID `<uuid>`.
[33m ...[0m                [36malpha[0m          0   Output may or may not contain ANSII escape codes.[32m[OK][0m                [36malpha[0m          0   Output may or may not contain ANSII escape codes.
[33m ...[0m                [36malpha[0m          1   according to whether or not [--color] is set.[32m[OK][0m                [36malpha[0m          1   according to whether or not [--color] is set.
[33m ...[0m                [36malpha[0m          2   (See the corresponding [dune] file.).[32m[OK][0m                [36malpha[0m          2   (See the corresponding [dune] file.).
The full test results are available in `<build-context>/_build/_tests/<uuid>`.
[32mTest Successful[0m in <test-duration>s. 3 tests run.
